// Jest Snapshot v1, https://goo.gl/fbAQLP

exports[`Attachment renders correctly 1`] = `
<div>
  <div
    class="bg-blue-900 py-5 md:py-2 px-10 rounded shadow-xl"
  >
    <div
      class="flex flex-col space-y-3 md:space-y-0 md:flex-row items-center w-full space-x-5"
    >
      <div
        class="flex flex-col justify-center space-y-3"
      >
        <p
          class="text-white"
        >
          Attachment
        </p>
        <div
          class="flex space-x-5 md:space-x-10 justify-center md:justify-start"
        >
          <p
            class="text-blue-300 font-thin"
          >
            10kb
          </p>
          <p
            class="text-blue-300 font-thin"
          >
            Tue May 12 2020 00:00:00 GMT-0300 (Argentina Standard Time)
          </p>
        </div>
      </div>
      <div
        class="flex w-full space-x-5 justify-center md:justify-end"
      >
        <div
          class="rounded-full bg-primary p-2 shadow-xl cursor-pointer"
        >
          <svg
            class="text-white"
            fill="currentColor"
            height="1em"
            stroke="currentColor"
            stroke-width="0"
            viewBox="0 0 20 20"
            width="1em"
            xmlns="http://www.w3.org/2000/svg"
          >
            <path
              clip-rule="evenodd"
              d="M3 17a1 1 0 011-1h12a1 1 0 110 2H4a1 1 0 01-1-1zm3.293-7.707a1 1 0 011.414 0L9 10.586V3a1 1 0 112 0v7.586l1.293-1.293a1 1 0 111.414 1.414l-3 3a1 1 0 01-1.414 0l-3-3a1 1 0 010-1.414z"
              fill-rule="evenodd"
            />
          </svg>
        </div>
        <div
          class="rounded-full bg-red-600 p-2 shadow-xl cursor-pointer"
        >
          <svg
            class="text-white"
            fill="currentColor"
            height="1em"
            stroke="currentColor"
            stroke-width="0"
            viewBox="0 0 512 512"
            width="1em"
            xmlns="http://www.w3.org/2000/svg"
          >
            <path
              d="M289.94 256l95-95A24 24 0 00351 127l-95 95-95-95a24 24 0 00-34 34l95 95-95 95a24 24 0 1034 34l95-95 95 95a24 24 0 0034-34z"
            />
          </svg>
        </div>
      </div>
    </div>
  </div>
</div>
`;
