// Jest Snapshot v1, https://goo.gl/fbAQLP

exports[`Custom button renders button 1`] = `
<div>
  <button
    class="bg-primary  shadow-lg w-full rounded-md px-5 py-2 flex content-center my-1 focus:shadow-sm font-secondary font-semibold outline-none align-items-center justify-center content-center align-middle justify-items-center items-center "
  >
    <span
      class="text-2xl "
    />
    <span
      class="text-sm font-sm  text-white flex-1"
    >
      Hola
    </span>
  </button>
</div>
`;
