// Jest Snapshot v1, https://goo.gl/fbAQLP

exports[`Accordion tests renders component 1`] = `
<div>
  <div
    class="flex flex-col"
  >
    <button
      class="box-border appearance-none cursor-pointer focus:outline-none flex items-center justify-between"
      data-testid="button"
    >
      <p
        class="inline-block text-footnote light"
      >
        Mis inmuebles
      </p>
      <svg
        class="transform duration-300 ease inline-block text-alt w-7 h-7"
        fill="currentColor"
        height="1em"
        stroke="currentColor"
        stroke-width="0"
        viewBox="0 0 512 512"
        width="1em"
        xmlns="http://www.w3.org/2000/svg"
      >
        <path
          d="M504 256c0 137-111 248-248 248S8 393 8 256 119 8 256 8s248 111 248 248zM273 369.9l135.5-135.5c9.4-9.4 9.4-24.6 0-33.9l-17-17c-9.4-9.4-24.6-9.4-33.9 0L256 285.1 154.4 183.5c-9.4-9.4-24.6-9.4-33.9 0l-17 17c-9.4 9.4-9.4 24.6 0 33.9L239 369.9c9.4 9.4 24.6 9.4 34 0z"
        />
      </svg>
    </button>
    <div
      class="overflow-hidden transition-max-height duration-300 ease-in-out"
      style="max-height: 0px;"
    >
      <div
        class="pt-5"
      >
        <ul
          class="font-thin space-y-5"
        >
          <li
            class="flex justify-between"
          >
            Opción 1
          </li>
          <li
            class="flex justify-between"
          >
            Opción 2
          </li>
        </ul>
      </div>
    </div>
  </div>
</div>
`;
